iex(1)> a = [1,2,3]
[1, 2, 3]
iex(2)> a = 4
4
iex(3)> 4 = a
4
iex(4)> [a,b] = [1,2,3]
** (MatchError) no match of right hand side value: [1, 2, 3]

iex(4)> a = [[1,2,3]]
[[1, 2, 3]]
iex(5)> [a] = [[1,2,3]]
[[1, 2, 3]]
iex(6)> [[a]] = [[1,2,3]]
** (MatchError) no match of right hand side value: [[1, 2, 3]]

